high	a	#128	Registry lookups are slow on cold start 	3d	!412 in flight	
high	a	#126	Export job retries forever on a 404     	4d	not started	
mid	a	#121	Flaky test in the ingest suite          	8d	not started	
mid	a	#117	Add hit-rate metric to the cache layer  	14d	!377 in flight	
low	a	#114	Charts should publish on tag, not merge 	19d	not started	
unlabelled	a	#98	Registry client should honour Retry-Aft…	31d	not started	
