__band__	waiting on you ·1
agents:%3	  %3   settle the popup layout                    2m  no merge request
__band__	finished · no merge request ·1
agents:%7	  %7   retry shim fix                            18m  no merge request
__band__	  ──── nothing below asks anything of you ────
__band__	working ·2
agents:%2	  %2   manifest cache                             4m  !412
agents:%5	  %5   pin base image                            11m  !418
__band__	finished ·1
agents:%9	  %9   changelog anchor                           1h  !423
